==> ruff check
All checks passed!
==> ruff format --check
382 files already formatted
==> pytest (not slow, CPU-only)
........................................................................ [  3%]
..........................................................s............. [  6%]
....................sss................................................. [  9%]
........................................................................ [ 13%]
........................................................................ [ 16%]
...........s.s.s........................................................ [ 19%]
........................................................................ [ 23%]
........................................................................ [ 26%]
........................................................................ [ 29%]
........................................................................ [ 32%]
........................................................................ [ 36%]
........................................................................ [ 39%]
..sss..s....s.ss........................................................ [ 42%]
...........s............................................................ [ 46%]
........................................................................ [ 49%]
........................................................................ [ 52%]
........................................................................ [ 55%]
........................................................................ [ 59%]
........................................................................ [ 62%]
.........................................ssssssss....................... [ 65%]
........................................................................ [ 69%]
........................................................................ [ 72%]
.....s.sssss............................................................ [ 75%]
........................................................................ [ 78%]
........................................................................ [ 82%]
..............ss....ssss................................................ [ 85%]
.................................s...................................... [ 88%]
........................................................................ [ 92%]
........................................................................ [ 95%]
........................................................................ [ 98%]
..............................                                           [100%]
=============================== warnings summary ===============================
tests/test_init_preserving_density.py::test_opacity_reset_level_remains_selectable
  /home/alex/Documents/realtime-gs/tests/test_init_preserving_density.py:323: UserWarning: Converting a tensor with requires_grad=True to a scalar may lead to unexpected behavior.
  Consider using tensor.detach() first. (Triggered internally at /pytorch/torch/csrc/autograd/generated/python_variable_methods.cpp:836.)
    assert float(torch.sigmoid(new_params["opacities"]).max()) <= 0.011 + 1e-6

tests/test_surfel_lift.py::test_a1_tangential_scales_recover_the_projected_footprint
  /home/alex/Documents/realtime-gs/src/rtgs/lift/surfel_lift.py:230: UserWarning: index_reduce() is in beta and the API may change at any time. (Triggered internally at /pytorch/aten/src/ATen/native/TensorAdvancedIndexing.cpp:1517.)
    return out.index_reduce_(0, keys, payload, "amax", include_self=True)

-- Docs: https://docs.pytest.org/en/stable/how-to/capture-warnings.html
==> docs sync
docs_sync: OK
==> ara claim ledger
check_ara: OK (46 claims)
==> script layout
check_script_layout: OK (11 durable scripts)
==> agent workflow
check_agent_workflow: OK (9 skills, 19 archived tasks, active task/template valid)
==> experiment contracts
experiment_contract: OK
==> verify OK
